// Jest Snapshot v1, https://goo.gl/fbAQLP

exports[`match snapshot 1`] = `
<div
  className="src__Box-sc-1sbtrzs-0 sc-jRQBWg jUjbhW cuPwvw"
  color="white"
  data-testid="card-6c94c7db-0616-4c10-8745-aa720058d8e8"
  width={
    Array [
      0.5,
      0.3333333333333333,
      0.25,
    ]
  }
>
  <img
    alt=""
    className="sc-bdvvtL eVTLAU sc-gKclnd daYdTy"
    height="auto"
    loading="lazy"
    src=""
    width="320px"
  />
  <h4
    className="sc-gsDKAQ sc-dkPtRN sc-eCImPb jGAxre kiuwfu iTqlBH"
    fontWeight="bold"
    opacity={null}
  >
    Adam Carolla Show
  </h4>
  <p
    className="sc-gsDKAQ sc-dkPtRN sc-eCImPb bRuDTs kiuwfu kQXgnl"
    fontWeight="normal"
    opacity={null}
  >
    Welcome to the Adam Carolla Show! The new home forâ€¦y, Dana Gould, Doug Benson, and many, many more..
  </p>
</div>
`;
